[DEBUG]2015-08-25T10:23:03+08:00 Started observing beach                      animal=walrus number=8 file=/home/zhouzhengyou/Projects/golang/src/github.com/ericzzy/golearning/logrus.go:103
[DEBUG]2015-08-25T10:23:03+08:00 Started2                                     animal=hello number=10 file=/home/zhouzhengyou/Projects/golang/src/github.com/ericzzy/golearning/logrus.go:109
[DEBUG]2015-08-25T10:23:18+08:00 Started observing beach                      animal=walrus number=8 file=/home/zhouzhengyou/Projects/golang/src/github.com/ericzzy/golearning/logrus.go:103
[DEBUG]2015-08-25T10:23:18+08:00 Started2                                     file=/home/zhouzhengyou/Projects/golang/src/github.com/ericzzy/golearning/logrus.go:109 animal=hello number=10
[DEBUG]2015-08-25T10:23:52+08:00 Started observing beach                      animal=walrus number=8 file=/home/zhouzhengyou/Projects/golang/src/github.com/ericzzy/golearning/logrus.go:103
[DEBUG]2015-08-25T10:23:52+08:00 Started2                                     animal=hello number=10 file=/home/zhouzhengyou/Projects/golang/src/github.com/ericzzy/golearning/logrus.go:109
[DEBUG]2015-08-25T10:26:43+08:00 Started observing beach                      number=8 file=/home/zhouzhengyou/Projects/golang/src/github.com/ericzzy/golearning/logrus.go:103 animal=walrus
[DEBUG]2015-08-25T10:26:43+08:00 Started2                                     animal=hello number=10 file=/home/zhouzhengyou/Projects/golang/src/github.com/ericzzy/golearning/logrus.go:109
[DEBUG]2015-08-25T10:27:07+08:00 Started observing beach                      file=/home/zhouzhengyou/Projects/golang/src/github.com/ericzzy/golearning/logrus.go:103 animal=walrus number=8
[DEBUG]2015-08-25T10:27:10+08:00 Started observing beach                      animal=walrus number=8 file=/home/zhouzhengyou/Projects/golang/src/github.com/ericzzy/golearning/logrus.go:103
[DEBUG]2015-08-25T10:30:43+08:00 Started observing beach                      animal=walrus number=8 file=/home/zhouzhengyou/Projects/golang/src/github.com/ericzzy/golearning/logrus.go:103
[DEBUG]2015-08-25T10:30:52+08:00 Started observing beach                      number=8 file=/home/zhouzhengyou/Projects/golang/src/github.com/ericzzy/golearning/logrus.go:103 animal=walrus
[DEBUG]2015-08-25T10:30:53+08:00 Started observing beach                      animal=walrus number=8 file=/home/zhouzhengyou/Projects/golang/src/github.com/ericzzy/golearning/logrus.go:103
[DEBUG]2015-08-25T10:31:25+08:00 Started observing beach                      number=8 file=/home/zhouzhengyou/Projects/golang/src/github.com/ericzzy/golearning/logrus.go:103 animal=walrus
[DEBUG]2015-08-25T10:31:28+08:00 Started observing beach                      number=8 file=/home/zhouzhengyou/Projects/golang/src/github.com/ericzzy/golearning/logrus.go:103 animal=walrus
[DEBUG]2015-08-25T10:34:32+08:00 Started observing beach                      animal=walrus number=8 file=/home/zhouzhengyou/Projects/golang/src/github.com/ericzzy/golearning/logrus.go:103
[DEBUG]2015-08-25T10:34:42+08:00 Started observing beach                      number=8 file=/home/zhouzhengyou/Projects/golang/src/github.com/ericzzy/golearning/logrus.go:103 animal=walrus
[DEBUG]2015-08-25T10:37:02+08:00 Started observing beach                      animal=walrus number=8 file=/home/zhouzhengyou/Projects/golang/src/github.com/ericzzy/golearning/logrus.go:103
[DEBUG]2015-08-25T10:37:56+08:00 Started observing beach                      animal=walrus file=/home/zhouzhengyou/Projects/golang/src/github.com/ericzzy/golearning/logrus.go:103 number=8
[DEBUG]2015-08-25T10:37:56+08:00 Started2                                     animal=hello file=/home/zhouzhengyou/Projects/golang/src/github.com/ericzzy/golearning/logrus.go:109 number=10
[DEBUG]2015-08-25T10:38:18+08:00 Started observing beach                      animal=walrus file=/home/zhouzhengyou/Projects/golang/src/github.com/ericzzy/golearning/logrus.go:103 number=8
[DEBUG]2015-08-25T10:38:18+08:00 Started2                                     animal=hello file=/home/zhouzhengyou/Projects/golang/src/github.com/ericzzy/golearning/logrus.go:109 number=10
[DEBUG]2015-08-25T10:47:10+08:00 Started observing beach                      animal=walrus file=/home/zhouzhengyou/Projects/golang/src/github.com/ericzzy/golearning/logrus.go:104 number=8
[DEBUG]2015-08-25T10:47:10+08:00 Started2                                     animal=hello file=/home/zhouzhengyou/Projects/golang/src/github.com/ericzzy/golearning/logrus.go:110 number=10
[DEBUG]2015-08-25T10:47:31+08:00 Started observing beach                      animal=walrus file=/home/zhouzhengyou/Projects/golang/src/github.com/ericzzy/golearning/logrus.go:104 number=8
[DEBUG]2015-08-25T10:47:31+08:00 Started2                                     animal=hello file=/home/zhouzhengyou/Projects/golang/src/github.com/ericzzy/golearning/logrus.go:110 number=10
[DEBUG]2015-08-25T10:52:01+08:00 Started observing beach                      animal=walrus file=/home/zhouzhengyou/Projects/golang/src/github.com/ericzzy/golearning/logrus.go:106 number=8
[DEBUG]2015-08-25T10:52:01+08:00 Started2                                     animal=hello file=/home/zhouzhengyou/Projects/golang/src/github.com/ericzzy/golearning/logrus.go:112 number=10
[DEBUG]2015-08-25T10:52:19+08:00 Started observing beach                      animal=walrus file=/home/zhouzhengyou/Projects/golang/src/github.com/ericzzy/golearning/logrus.go:106 number=8
[DEBUG]2015-08-25T10:52:19+08:00 Started2                                     animal=hello file=/home/zhouzhengyou/Projects/golang/src/github.com/ericzzy/golearning/logrus.go:112 number=10
[DEBUG]2015-08-25T10:53:11+08:00 Started observing beach                      animal=walrus file=/home/zhouzhengyou/Projects/golang/src/github.com/ericzzy/golearning/logrus.go:107 number=8
[DEBUG]2015-08-25T10:53:11+08:00 Started2                                     animal=hello file=/home/zhouzhengyou/Projects/golang/src/github.com/ericzzy/golearning/logrus.go:113 number=10
[DEBUG]2015-08-25T10:54:47+08:00 Started observing beach                      animal=walrus file=/home/zhouzhengyou/Projects/golang/src/github.com/ericzzy/golearning/logrus.go:108 number=8
[DEBUG]2015-08-25T10:54:47+08:00 Started2                                     animal=hello file=/home/zhouzhengyou/Projects/golang/src/github.com/ericzzy/golearning/logrus.go:114 number=10
[DEBUG]2015-08-25T10:55:05+08:00 Started observing beach                      animal=walrus file=/home/zhouzhengyou/Projects/golang/src/github.com/ericzzy/golearning/logrus.go:108 number=8
[DEBUG]2015-08-25T10:55:05+08:00 Started2                                     animal=hello file=/home/zhouzhengyou/Projects/golang/src/github.com/ericzzy/golearning/logrus.go:114 number=10
[DEBUG]2015-08-25T10:56:09+08:00 Started observing beach                      animal=walrus file=/home/zhouzhengyou/Projects/golang/src/github.com/ericzzy/golearning/logrus.go:108 number=8
[DEBUG]2015-08-25T10:56:09+08:00 Started2                                     animal=hello file=/home/zhouzhengyou/Projects/golang/src/github.com/ericzzy/golearning/logrus.go:114 number=10
[DEBUG]2015-08-25T10:56:53+08:00 Started observing beach                      animal=walrus file=/home/zhouzhengyou/Projects/golang/src/github.com/ericzzy/golearning/logrus.go:108 number=8
[DEBUG]2015-08-25T10:56:53+08:00 Started2                                     animal=hello file=/home/zhouzhengyou/Projects/golang/src/github.com/ericzzy/golearning/logrus.go:114 number=10
[DEBUG]2015-08-25T10:57:50+08:00 Started observing beach                      animal=walrus file=/home/zhouzhengyou/Projects/golang/src/github.com/ericzzy/golearning/logrus.go:108 number=8
[DEBUG]2015-08-25T10:57:50+08:00 Started2                                     animal=hello file=/home/zhouzhengyou/Projects/golang/src/github.com/ericzzy/golearning/logrus.go:114 number=10
[DEBUG]2015-08-25T10:58:11+08:00 Started observing beach                      animal=walrus file=/home/zhouzhengyou/Projects/golang/src/github.com/ericzzy/golearning/logrus.go:108 number=8
[DEBUG]2015-08-25T10:58:11+08:00 Started2                                     animal=hello file=/home/zhouzhengyou/Projects/golang/src/github.com/ericzzy/golearning/logrus.go:114 number=10
[DEBUG]2015-08-25T10:58:24+08:00 Started observing beach                      animal=walrus file=/home/zhouzhengyou/Projects/golang/src/github.com/ericzzy/golearning/logrus.go:108 number=8
[DEBUG]2015-08-25T10:58:24+08:00 Started2                                     animal=hello file=/home/zhouzhengyou/Projects/golang/src/github.com/ericzzy/golearning/logrus.go:114 number=10
[DEBUG]2015-08-25T11:03:51+08:00 Started observing beach                      animal=walrus file=/home/zhouzhengyou/Projects/golang/src/github.com/ericzzy/golearning/logrus.go:108 number=8
[DEBUG]2015-08-25T11:03:51+08:00 Started2                                     animal=hello file=/home/zhouzhengyou/Projects/golang/src/github.com/ericzzy/golearning/logrus.go:114 number=10
[DEBUG]2015-08-25T11:06:30+08:00 Started observing beach                      animal=walrus file=/home/zhouzhengyou/Projects/golang/src/github.com/ericzzy/golearning/logrus.go:109 number=8
[DEBUG]2015-08-25T11:06:30+08:00 Started2                                     animal=hello file=/home/zhouzhengyou/Projects/golang/src/github.com/ericzzy/golearning/logrus.go:115 number=10
[DEBUG]2015-08-25T11:07:06+08:00 Started observing beach                      animal=walrus file=/home/zhouzhengyou/Projects/golang/src/github.com/ericzzy/golearning/logrus.go:109 number=8
[DEBUG]2015-08-25T11:07:07+08:00 Started2                                     animal=hello file=/home/zhouzhengyou/Projects/golang/src/github.com/ericzzy/golearning/logrus.go:115 number=10
[DEBUG]2015-08-25T11:08:06+08:00 Started observing beach                      animal=walrus file=/home/zhouzhengyou/Projects/golang/src/github.com/ericzzy/golearning/logrus.go:109 number=8
[DEBUG]2015-08-25T11:08:06+08:00 Started2                                     animal=hello file=/home/zhouzhengyou/Projects/golang/src/github.com/ericzzy/golearning/logrus.go:115 number=10
